Microchip MPLAB XC8 Compiler V2.32

Linker command line:

-W-3 --edf=C:\Program Files\Microchip\xc8\v2.32\pic\dat\en_msgs.txt -cn \
  -h+dist/default/production\TrabalhoFinal.X.production.sym \
  --cmf=dist/default/production\TrabalhoFinal.X.production.cmf -z -Q18F4520 \
  -oC:\Users\enzoy\AppData\Local\Temp\xcAs4r4.4 --defsym=__MPLAB_BUILD=1 \
  -Mdist/default/production/TrabalhoFinal.X.production.map -E1 \
  -ver=XC8 Compiler --acfsm=1493 -ASTACK=080h-05FFh -pstack=STACK \
  -ACODE=00h-07FFFh -ACONST=00h-07FFFh -ASMALLCONST=0600h-06FFhx122 \
  -AMEDIUMCONST=0600h-07FFFh -ACOMRAM=01h-07Fh -AABS1=00h-05FFh \
  -ABIGRAM=01h-05FFh -ARAM=080h-0FFh,0100h-01FFhx5 -ABANK0=080h-0FFh \
  -ABANK1=0100h-01FFh -ABANK2=0200h-02FFh -ABANK3=0300h-03FFh \
  -ABANK4=0400h-04FFh -ABANK5=0500h-05FFh -ASFR=0F80h-0FFFh \
  -ACONFIG=0300000h-030000Dh -AIDLOC=0200000h-0200007h \
  -AEEDATA=0F00000h-0F000FFh -peeprom_data=EEDATA \
  -preset_vec=00h,intcode,intcodelo,powerup,init -pramtop=0600h \
  -psmallconst=SMALLCONST -pmediumconst=MEDIUMCONST -pconst=CONST \
  -AFARRAM=00h-00h \
  -prdata=COMRAM,nvrram=COMRAM,nvbit=COMRAM,rbss=COMRAM,rbit=COMRAM \
  -pfarbss=FARRAM,fardata=FARRAM,nvFARRAM=FARRAM \
  -pintsave_regs=BIGRAM,bigbss=BIGRAM,bigdata=BIGRAM -pbss=RAM \
  -pidata=CODE,irdata=CODE,ibigdata=CODE,ifardata=CODE -prparam=COMRAM \
  C:\Users\enzoy\AppData\Local\Temp\xcAs4r4.o \
  dist/default/production\TrabalhoFinal.X.production.o 

Object code version is 3.11

Machine type is 18F4520



                Name                               Link     Load   Length Selector   Space Scale
C:\Users\enzoy\AppData\Local\Temp\xcAs4r4.o
                idloc                            200000   200000        8        0       5
                config                           300000   300000        E        0       4
                init                                  0        0        4        0       0
dist/default/production\TrabalhoFinal.X.production.o
                idloc                            200000   200000        8        0       5
                config                           300000   300000        E        0       4
                smallconst                          600      600       74      300       0
                text25                             170E     170E       C4      33A       0
                text24                             1936     1936       B0      33A       0
                text23                             1220     1220      24E      33A       0
                text22                             1BC0     1BC0       48      33A       0
                text21                             1A5E     1A5E       64      33A       0
                text20                             146E     146E      16A      33A       0
                text19                              FD2      FD2      24E      33A       0
                text18                             1D52     1D52       2A      33A       0
                text17                             1D28     1D28       2A      33A       0
                text16                             1B72     1B72       4E      33A       0
                text15                             15D8     15D8      136      33A       0
                text14                             1C88     1C88       3E      33A       0
                text13                             1CC6     1CC6       32      33A       0
                text12                             19E6     19E6       78      33A       0
                text11                             1CF8     1CF8       30      33A       0
                text10                             1DF4     1DF4        2      33A       0
                text9                              1C08     1C08       42      33A       0
                text8                              1AC2     1AC2       5A      33A       0
                text7                              1DC0     1DC0       1E      33A       0
                text6                              1D7C     1D7C       26      33A       0
                text5                              17D2     17D2       B4      33A       0
                text4                              1DA2     1DA2       1E      33A       0
                text3                              1B1C     1B1C       56      33A       0
                text2                              1886     1886       B0      33A       0
                text1                              1C4A     1C4A       3E      33A       0
                text0                               674      674      95E      33A       0
                cstackCOMRAM                          1        1       18        1       1
                bssCOMRAM                            19       19       14        1       1
                cinit                              1DDE     1DDE       16      33A       0

TOTAL           Name                               Link     Load   Length     Space
        CLASS   STACK          

        CLASS   CODE           
                init                                  0        0        4         0
                text25                             170E     170E       C4         0
                text24                             1936     1936       B0         0
                text23                             1220     1220      24E         0
                text22                             1BC0     1BC0       48         0
                text21                             1A5E     1A5E       64         0
                text20                             146E     146E      16A         0
                text19                              FD2      FD2      24E         0
                text18                             1D52     1D52       2A         0
                text17                             1D28     1D28       2A         0
                text16                             1B72     1B72       4E         0
                text15                             15D8     15D8      136         0
                text14                             1C88     1C88       3E         0
                text13                             1CC6     1CC6       32         0
                text12                             19E6     19E6       78         0
                text11                             1CF8     1CF8       30         0
                text10                             1DF4     1DF4        2         0
                text9                              1C08     1C08       42         0
                text8                              1AC2     1AC2       5A         0
                text7                              1DC0     1DC0       1E         0
                text6                              1D7C     1D7C       26         0
                text5                              17D2     17D2       B4         0
                text4                              1DA2     1DA2       1E         0
                text3                              1B1C     1B1C       56         0
                text2                              1886     1886       B0         0
                text1                              1C4A     1C4A       3E         0
                text0                               674      674      95E         0
                cinit                              1DDE     1DDE       16         0

        CLASS   CONST          

        CLASS   SMALLCONST     
                smallconst                          600      600       74         0

        CLASS   MEDIUMCONST    

        CLASS   COMRAM         
                cstackCOMRAM                          1        1       18         1
                bssCOMRAM                            19       19       14         1

        CLASS   ABS1           

        CLASS   BIGRAM         

        CLASS   RAM            

        CLASS   BANK0          

        CLASS   BANK1          

        CLASS   BANK2          

        CLASS   BANK3          

        CLASS   BANK4          

        CLASS   BANK5          

        CLASS   SFR            

        CLASS   CONFIG         
                config                           300000   300000        E         4

        CLASS   IDLOC          
                idloc                            200000   200000        8         5

        CLASS   EEDATA         

        CLASS   FARRAM         



SEGMENTS        Name                           Load    Length   Top    Selector   Space  Class

                reset_vec                      000000  000004  000004         0       0  CODE    
                cstackCOMRAM                   000001  00002C  00002D         1       1  COMRAM  
                smallconst                     000600  000074  000674       300       0  SMALLCON
                text0                          000674  001782  001DF6       33A       0  CODE    


UNUSED ADDRESS RANGES

        Name                Unused          Largest block    Delta
        BANK0            000080-0000FF               80
        BANK1            000100-0001FF              100
        BANK2            000200-0002FF              100
        BANK3            000300-0003FF              100
        BANK4            000400-0004FF              100
        BANK5            000500-0005FF              100
        BIGRAM           00002D-0005FF              5D3
        CODE             000004-0005FF              5FC
                         001DF6-007FFF             620A
        COMRAM           00002D-00007F               53
        CONST            000004-0005FF              5FC
                         001DF6-007FFF             620A
        EEDATA           F00000-F000FF              100
        MEDIUMCONST      001DF6-007FFF             620A
        RAM              000080-0005FF              100
        SFR              000F80-000FFF               80
        SMALLCONST       001DF6-007FFF              100
        STACK            000080-0005FF              580

                                  Symbol Table

?___awdiv                cstackCOMRAM 000001
?___awmod                cstackCOMRAM 000009
?_digitalRead            cstackCOMRAM 000001
_ADCON0                  (abs)        000FC2
_ADCON1                  (abs)        000FC1
_ADCON2                  (abs)        000FC0
_ADRESH                  (abs)        000FC4
_ADRESL                  (abs)        000FC3
_BAUDCON                 (abs)        000FB8
_CCP2CON                 (abs)        000FBA
_CCPR2L                  (abs)        000FBB
_INTCON                  (abs)        000FF2
_PIR1                    (abs)        000F9E
_PORTA                   (abs)        000F80
_PORTB                   (abs)        000F81
_PORTC                   (abs)        000F82
_PORTD                   (abs)        000F83
_PORTE                   (abs)        000F84
_PR2                     (abs)        000FCB
_PulseClockData          text18       001D52
_PulseEnClock            text17       001D28
_RCREG                   (abs)        000FAE
_RCSTA                   (abs)        000FAB
_SPBRG                   (abs)        000FAF
_SPBRGH                  (abs)        000FB0
_T0CON                   (abs)        000FD5
_T2CON                   (abs)        000FCA
_TMR0H                   (abs)        000FD7
_TMR0L                   (abs)        000FD6
_TRISA                   (abs)        000F92
_TRISB                   (abs)        000F93
_TRISC                   (abs)        000F94
_TRISD                   (abs)        000F95
_TRISE                   (abs)        000F96
_TXREG                   (abs)        000FAD
_TXSTA                   (abs)        000FAC
__HRAM                   (abs)        000000
__Habs1                  abs1         000000
__Hbank0                 bank0        000000
__Hbank1                 bank1        000000
__Hbank2                 bank2        000000
__Hbank3                 bank3        000000
__Hbank4                 bank4        000000
__Hbank5                 bank5        000000
__Hbigbss                bigbss       000000
__Hbigdata               bigdata      000000
__Hbigram                bigram       000000
__Hbss                   bss          000000
__HbssCOMRAM             bssCOMRAM    000000
__Hcinit                 cinit        000000
__Hclrtext               clrtext      000000
__Hcomram                comram       000000
__Hconfig                config       30000E
__Hconst                 const        000000
__HcstackCOMRAM          cstackCOMRAM 000000
__Hdata                  data         000000
__Heeprom_data           eeprom_data  000000
__Hfarbss                farbss       000000
__Hfardata               fardata      000000
__Hibigdata              ibigdata     000000
__Hidata                 idata        000000
__Hidloc                 idloc        200008
__Hifardata              ifardata     000000
__Hinit                  init         000004
__Hintcode               intcode      000000
__Hintcode_body          intcode_body 000000
__Hintcodelo             intcodelo    000000
__Hintentry              intentry     000000
__Hintret                intret       000000
__Hintsave_regs          intsave_regs 000000
__Hirdata                irdata       000000
__Hmediumconst           mediumconst  000000
__HnvFARRAM              nvFARRAM     000000
__Hnvbit                 nvbit        000000
__Hnvrram                nvrram       000000
__Hparam                 rparam       000000
__Hpowerup               powerup      000000
__Hram                   ram          000000
__Hramtop                ramtop       000600
__Hrbit                  rbit         000000
__Hrbss                  rbss         000000
__Hrdata                 rdata        000000
__Hreset_vec             reset_vec    000000
__Hrparam                rparam       000000
__Hsfr                   sfr          000000
__Hsmallconst            smallconst   000674
__Hspace_0               (abs)        001DF6
__Hspace_1               (abs)        00002D
__Hspace_2               (abs)        000000
__Hspace_4               (abs)        60000E
__Hstack                 stack        000000
__Hstruct                struct       000000
__Htemp                  temp         000000
__Htext                  text         000000
__Htext0                 text0        000000
__Htext1                 text1        000000
__Htext10                text10       000000
__Htext11                text11       000000
__Htext12                text12       000000
__Htext13                text13       000000
__Htext14                text14       000000
__Htext15                text15       000000
__Htext16                text16       000000
__Htext17                text17       000000
__Htext18                text18       000000
__Htext19                text19       000000
__Htext2                 text2        000000
__Htext20                text20       000000
__Htext21                text21       000000
__Htext22                text22       000000
__Htext23                text23       000000
__Htext24                text24       000000
__Htext25                text25       000000
__Htext3                 text3        000000
__Htext4                 text4        000000
__Htext5                 text5        000000
__Htext6                 text6        000000
__Htext7                 text7        000000
__Htext8                 text8        000000
__Htext9                 text9        000000
__LRAM                   (abs)        000001
__Labs1                  abs1         000000
__Lbank0                 bank0        000000
__Lbank1                 bank1        000000
__Lbank2                 bank2        000000
__Lbank3                 bank3        000000
__Lbank4                 bank4        000000
__Lbank5                 bank5        000000
__Lbigbss                bigbss       000000
__Lbigdata               bigdata      000000
__Lbigram                bigram       000000
__Lbss                   bss          000000
__LbssCOMRAM             bssCOMRAM    000000
__Lcinit                 cinit        000000
__Lclrtext               clrtext      000000
__Lcomram                comram       000000
__Lconfig                config       000000
__Lconst                 const        000000
__LcstackCOMRAM          cstackCOMRAM 000000
__Ldata                  data         000000
__Leeprom_data           eeprom_data  000000
__Lfarbss                farbss       000000
__Lfardata               fardata      000000
__Libigdata              ibigdata     000000
__Lidata                 idata        000000
__Lidloc                 idloc        000000
__Lifardata              ifardata     000000
__Linit                  init         000000
__Lintcode               intcode      000000
__Lintcode_body          intcode_body 000000
__Lintcodelo             intcodelo    000000
__Lintentry              intentry     000000
__Lintret                intret       000000
__Lintsave_regs          intsave_regs 000000
__Lirdata                irdata       000000
__Lmediumconst           mediumconst  000000
__LnvFARRAM              nvFARRAM     000000
__Lnvbit                 nvbit        000000
__Lnvrram                nvrram       000000
__Lparam                 rparam       000000
__Lpowerup               powerup      000000
__Lram                   ram          000000
__Lramtop                ramtop       000600
__Lrbit                  rbit         000000
__Lrbss                  rbss         000000
__Lrdata                 rdata        000000
__Lreset_vec             reset_vec    000000
__Lrparam                rparam       000000
__Lsfr                   sfr          000000
__Lsmallconst            smallconst   000600
__Lspace_0               (abs)        000000
__Lspace_1               (abs)        000000
__Lspace_2               (abs)        000000
__Lspace_4               (abs)        000000
__Lstack                 stack        000000
__Lstruct                struct       000000
__Ltemp                  temp         000000
__Ltext                  text         000000
__Ltext0                 text0        000000
__Ltext1                 text1        000000
__Ltext10                text10       000000
__Ltext11                text11       000000
__Ltext12                text12       000000
__Ltext13                text13       000000
__Ltext14                text14       000000
__Ltext15                text15       000000
__Ltext16                text16       000000
__Ltext17                text17       000000
__Ltext18                text18       000000
__Ltext19                text19       000000
__Ltext2                 text2        000000
__Ltext20                text20       000000
__Ltext21                text21       000000
__Ltext22                text22       000000
__Ltext23                text23       000000
__Ltext24                text24       000000
__Ltext25                text25       000000
__Ltext3                 text3        000000
__Ltext4                 text4        000000
__Ltext5                 text5        000000
__Ltext6                 text6        000000
__Ltext7                 text7        000000
__Ltext8                 text8        000000
__Ltext9                 text9        000000
__S0                     (abs)        001DF6
__S1                     (abs)        00002D
__S2                     (abs)        000000
__S4                     (abs)        000000
__S5                     (abs)        000000
___awdiv                 text25       00170E
___awdiv@counter         cstackCOMRAM 000005
___awdiv@dividend        cstackCOMRAM 000001
___awdiv@divisor         cstackCOMRAM 000003
___awdiv@quotient        cstackCOMRAM 000007
___awdiv@sign            cstackCOMRAM 000006
___awmod                 text24       001936
___awmod@counter         cstackCOMRAM 00000D
___awmod@dividend        cstackCOMRAM 000009
___awmod@divisor         cstackCOMRAM 00000B
___awmod@sign            cstackCOMRAM 00000E
___inthi_sp              stack        000000
___intlo_sp              stack        000000
___param_bank            (abs)        000000
___rparam_used           (abs)        000001
___sp                    stack        000000
__accesstop              (abs)        000080
__activetblptr           (abs)        000002
__end_of_PulseClockData  text18       001D7C
__end_of_PulseEnClock    text17       001D52
__end_of___awdiv         text25       0017D2
__end_of___awmod         text24       0019E6
__end_of__initialization cinit        001DEA
__end_of_adcInit         text22       001C08
__end_of_atraso_ms       text21       001AC2
__end_of_charKey         smallconst   00062B
__end_of_delayMicro      text10       001DF6
__end_of_delayMili       text11       001D28
__end_of_digitalRead     text20       0015D8
__end_of_digitalWrite    text19       001220
__end_of_kpDebounce      text15       00170E
__end_of_kpInit          text13       001CF8
__end_of_kpReadKey       text12       001A5E
__end_of_lcdChar         text4        001DC0
__end_of_lcdCommand      text7        001DDE
__end_of_lcdInit         text5        001886
__end_of_lcdString       text3        001B72
__end_of_main            text0        000FD2
__end_of_pinMode         text23       00146E
__end_of_pulseEnablePin  text9        001C4A
__end_of_pushByte        text8        001B1C
__end_of_pushNibble      text6        001DA2
__end_of_rgbColor        text2        001936
__end_of_rgbInit         text1        001C88
__end_of_soInit          text14       001CC6
__end_of_soWrite         text16       001BC0
__end_of_valor           smallconst   000621
__end_of_valor@ssd$F652  smallconst   000611
__initialization         cinit        001DDE
__mediumconst            mediumconst  000000
__pbssCOMRAM             bssCOMRAM    000019
__pcinit                 cinit        001DDE
__pcstackCOMRAM          cstackCOMRAM 000001
__psmallconst            smallconst   000600
__ptext0                 text0        000674
__ptext1                 text1        001C4A
__ptext10                text10       001DF4
__ptext11                text11       001CF8
__ptext12                text12       0019E6
__ptext13                text13       001CC6
__ptext14                text14       001C88
__ptext15                text15       0015D8
__ptext16                text16       001B72
__ptext17                text17       001D28
__ptext18                text18       001D52
__ptext19                text19       000FD2
__ptext2                 text2        001886
__ptext20                text20       00146E
__ptext21                text21       001A5E
__ptext22                text22       001BC0
__ptext23                text23       001220
__ptext24                text24       001936
__ptext25                text25       00170E
__ptext3                 text3        001B1C
__ptext4                 text4        001DA2
__ptext5                 text5        0017D2
__ptext6                 text6        001D7C
__ptext7                 text7        001DC0
__ptext8                 text8        001AC2
__ptext9                 text9        001C08
__ramtop                 ramtop       000600
__size_of_PulseClockData (abs)        000000
__size_of_PulseEnClock   (abs)        000000
__size_of___awdiv        (abs)        000000
__size_of___awmod        (abs)        000000
__size_of_adcInit        (abs)        000000
__size_of_atraso_ms      (abs)        000000
__size_of_delayMicro     (abs)        000000
__size_of_delayMili      (abs)        000000
__size_of_digitalRead    (abs)        000000
__size_of_digitalWrite   (abs)        000000
__size_of_kpDebounce     (abs)        000000
__size_of_kpInit         (abs)        000000
__size_of_kpReadKey      (abs)        000000
__size_of_lcdChar        (abs)        000000
__size_of_lcdCommand     (abs)        000000
__size_of_lcdInit        (abs)        000000
__size_of_lcdString      (abs)        000000
__size_of_main           (abs)        000000
__size_of_pinMode        (abs)        000000
__size_of_pulseEnablePin (abs)        000000
__size_of_pushByte       (abs)        000000
__size_of_pushNibble     (abs)        000000
__size_of_rgbColor       (abs)        000000
__size_of_rgbInit        (abs)        000000
__size_of_soInit         (abs)        000000
__size_of_soWrite        (abs)        000000
__smallconst             smallconst   000600
_adcInit                 text22       001BC0
_atraso_ms               text21       001A5E
_charKey                 smallconst   000621
_delayMicro              text10       001DF4
_delayMili               text11       001CF8
_digitalRead             text20       00146E
_digitalWrite            text19       000FD2
_display                 bssCOMRAM    00002C
_display@ssd$F653        bssCOMRAM    000025
_keys                    bssCOMRAM    00001D
_kpDebounce              text15       0015D8
_kpInit                  text13       001CC6
_kpReadKey               text12       0019E6
_lcdChar                 text4        001DA2
_lcdCommand              text7        001DC0
_lcdInit                 text5        0017D2
_lcdString               text3        001B1C
_main                    text0        000674
_pinMode                 text23       001220
_pulseEnablePin          text9        001C08
_pushByte                text8        001AC2
_pushNibble              text6        001D7C
_rgbColor                text2        001886
_rgbInit                 text1        001C4A
_soInit                  text14       001C88
_soWrite                 text16       001B72
_started                 bssCOMRAM    000027
_v                       bssCOMRAM    00001F
_v0                      bssCOMRAM    00002B
_v0@ssd$F654             bssCOMRAM    000024
_v1                      bssCOMRAM    00002A
_v1@ssd$F655             bssCOMRAM    000023
_v2                      bssCOMRAM    000029
_v2@ssd$F656             bssCOMRAM    000022
_v3                      bssCOMRAM    000028
_v3@ssd$F657             bssCOMRAM    000021
_valor                   smallconst   000611
_valor@ssd$F652          smallconst   000601
atraso_ms@i              cstackCOMRAM 000003
atraso_ms@j              cstackCOMRAM 000005
atraso_ms@k              cstackCOMRAM 000006
atraso_ms@num            cstackCOMRAM 000001
delayMicro@a             cstackCOMRAM 000001
delayMili@a              cstackCOMRAM 000001
delayMili@i              cstackCOMRAM 000004
digitalRead@pin          cstackCOMRAM 000001
digitalWrite@pin         cstackCOMRAM 000001
digitalWrite@value       cstackCOMRAM 000003
end_of_initialization    cinit        001DEA
intlevel0                text         000000
intlevel1                text         000000
intlevel2                text         000000
intlevel3                text         000000
isa$std                  (abs)        000001
isa$xinst                (abs)        000000
kpDebounce@i             cstackCOMRAM 00000D
kpDebounce@newRead       bssCOMRAM    00001B
kpDebounce@oldRead       bssCOMRAM    000019
kpDebounce@tempo         bssCOMRAM    000026
kpReadKey@i              cstackCOMRAM 000004
lcdChar@value            cstackCOMRAM 00000E
lcdCommand@value         cstackCOMRAM 00000E
lcdString@i              cstackCOMRAM 000013
lcdString@msg            cstackCOMRAM 00000F
main@player              cstackCOMRAM 000017
pinMode@pin              cstackCOMRAM 000001
pinMode@type             cstackCOMRAM 000003
pushByte@rs              cstackCOMRAM 00000A
pushByte@value           cstackCOMRAM 00000D
pushNibble@rs            cstackCOMRAM 00000A
pushNibble@value         cstackCOMRAM 00000C
rgbColor@led             cstackCOMRAM 000007
soWrite@i                cstackCOMRAM 000009
soWrite@value            cstackCOMRAM 000007
stackhi                  (abs)        0005FF
stacklo                  (abs)        000080
start                    init         000000
start_initialization     cinit        001DDE


MODULE INFORMATION

Module		Function		Class		Link	Load	Size
C:\Program Files\Microchip\xc8\v2.32\pic\sources\c99\common\awdiv.c
		___awdiv       		CODE           	170E	0000	196

C:\Program Files\Microchip\xc8\v2.32\pic\sources\c99\common\awdiv.c estimated size: 196

keypad.c
		_kpInit        		CODE           	1CC6	0000	50
		_kpReadKey     		CODE           	19E6	0000	120
		_kpDebounce    		CODE           	15D8	0000	310

keypad.c estimated size: 480

so.c
		_soInit        		CODE           	1C88	0000	62
		_soWrite       		CODE           	1B72	0000	78
		_PulseEnClock  		CODE           	1D28	0000	42
		_PulseClockData		CODE           	1D52	0000	42

so.c estimated size: 224

io.c
		_digitalRead   		CODE           	146E	0000	362
		_digitalWrite  		CODE           	0FD2	0000	590
		_pinMode       		CODE           	1220	0000	590

io.c estimated size: 1542

atraso.c
		_atraso_ms     		CODE           	1A5E	0000	100

atraso.c estimated size: 100

adc.c
		_adcInit       		CODE           	1BC0	0000	72

adc.c estimated size: 72

rgb.c
		_rgbColor      		CODE           	1886	0000	176
		_rgbInit       		CODE           	1C4A	0000	62

rgb.c estimated size: 238

shared
		_valor         		SMALLCONST     	0611	0000	16
		_charKey       		SMALLCONST     	0621	0000	10
		_valor@ssd$F652		SMALLCONST     	0601	0000	16
		__initialization		CODE           	1DDE	0000	12

shared estimated size: 54

C:\Program Files\Microchip\xc8\v2.32\pic\sources\c99\common\awmod.c
		___awmod       		CODE           	1936	0000	176

C:\Program Files\Microchip\xc8\v2.32\pic\sources\c99\common\awmod.c estimated size: 176

lcd.c
		_lcdCommand    		CODE           	1DC0	0000	30
		_lcdChar       		CODE           	1DA2	0000	30
		_lcdString     		CODE           	1B1C	0000	86
		_pulseEnablePin		CODE           	1C08	0000	66
		_pushByte      		CODE           	1AC2	0000	90
		_pushNibble    		CODE           	1D7C	0000	38
		_lcdInit       		CODE           	17D2	0000	180
		_delayMili     		CODE           	1CF8	0000	48
		_delayMicro    		CODE           	1DF4	0000	2

lcd.c estimated size: 570

main.c
		_main          		CODE           	0674	0000	2398

main.c estimated size: 2398

